// Jest Snapshot v1, https://goo.gl/fbAQLP

exports[`Button test Button render 1`] = `
<button
  className="waves-effect waves-light btn-large"
  onClick={[MockFunction]}
>
  Click me!
</button>
`;
