// Jest Snapshot v1, https://goo.gl/fbAQLP

exports[`Loader render Loader 1`] = `
<div
  className="lds-ellipsis"
>
  <div />
  <div />
  <div />
  <div />
</div>
`;
